tool | default="claude"/true global=""/false project=""/false toolOverride=""/false cli="codex"/true | source=5 effective="codex"
backend | default=""/true global=""/false project=""/false toolOverride=""/false cli=""/false | source=0 effective=""
host_config | default=""/false global=""/false project=""/false toolOverride=""/false cli=""/false | source=0 effective=""
host_config_paths | default="[/x,/y]"/true global=""/false project=""/false toolOverride=""/false cli=""/false | source=0 effective="[/a,/b]"
yolo | default="tool-default"/true global=""/false project=""/false toolOverride=""/false cli="true"/true | source=5 effective="true"
ephemeral | default="false"/true global=""/false project=""/false toolOverride="true"/true cli="true"/true | source=5 effective="true"
auth_scope | default="shared"/true global=""/false project="project"/true toolOverride="shared"/true cli=""/false | source=3 effective="project"
auth_name | default=""/false global=""/false project=""/false toolOverride=""/false cli=""/false | source=0 effective=""
reset_auth | default="false"/true global=""/false project=""/false toolOverride=""/false cli=""/false | source=0 effective="false"
no_api_key | default="false"/true global=""/false project=""/false toolOverride=""/false cli=""/false | source=0 effective="false"
pass_api_key | default="false"/true global=""/false project=""/false toolOverride=""/false cli=""/false | source=0 effective="false"
secrets_scope | default=""/true global=""/false project=""/false toolOverride=""/false cli=""/false | source=0 effective=""
pass_env | default=""/false global=""/false project="[FOO,BAR]"/true toolOverride=""/false cli="[FOO,BAR]"/true | source=5 effective="[FOO,BAR]"
allow_all_network | default="false"/true global=""/false project=""/false toolOverride=""/false cli=""/false | source=0 effective="false"
no_cache | default="false"/true global="true"/true project=""/false toolOverride=""/false cli=""/false | source=2 effective="true"
session_monitor | default="false"/true global=""/false project=""/false toolOverride=""/false cli=""/false | source=0 effective="false"
no_history | default="false"/true global=""/false project=""/false toolOverride=""/false cli=""/false | source=0 effective="false"
no_memory | default="false"/true global=""/false project=""/false toolOverride=""/false cli=""/false | source=0 effective="false"
image_inbox | default="false"/true global=""/false project=""/false toolOverride=""/false cli=""/false | source=0 effective="false"
force_rebuild | default="false"/true global=""/false project=""/false toolOverride=""/false cli="true"/true | source=5 effective="true"
no_rebuild | default="false"/true global=""/false project=""/false toolOverride=""/false cli=""/false | source=0 effective="false"
force_base_image | default="false"/true global=""/false project=""/false toolOverride=""/false cli=""/false | source=0 effective="false"
base_image | default=""/false global=""/false project=""/false toolOverride=""/false cli=""/false | source=0 effective=""
devcontainer | default="false"/true global=""/false project=""/false toolOverride=""/false cli=""/false | source=0 effective="false"
use_remote_user | default="false"/true global=""/false project=""/false toolOverride=""/false cli=""/false | source=0 effective="false"
slim | default="false"/true global=""/false project=""/false toolOverride=""/false cli=""/false | source=0 effective="false"
image_name | default=""/true global=""/false project=""/false toolOverride=""/false cli=""/false | source=0 effective=""
features | default="default"/true global=""/false project=""/false toolOverride=""/false cli=""/false | source=0 effective="[go,node]"
cache_from | default=""/false global=""/false project=""/false toolOverride=""/false cli=""/false | source=0 effective=""
build_uid | default=""/false global=""/false project=""/false toolOverride=""/false cli=""/false | source=0 effective=""
build_gid | default=""/false global=""/false project=""/false toolOverride=""/false cli=""/false | source=0 effective=""
runtime_uid_remap | default="false"/true global=""/false project=""/false toolOverride=""/false cli=""/false | source=0 effective="false"
buildx_cache_dir | default=""/false global=""/false project=""/false toolOverride=""/false cli=""/false | source=0 effective=""
buildx_cache_from | default=""/false global=""/false project=""/false toolOverride=""/false cli=""/false | source=0 effective=""
buildx_cache_to | default=""/false global=""/false project=""/false toolOverride=""/false cli=""/false | source=0 effective=""
progress | default=""/true global=""/false project=""/false toolOverride=""/false cli=""/false | source=0 effective=""
network_log | default=""/true global=""/false project=""/false toolOverride=""/false cli=""/false | source=0 effective=""
verbose | default="false"/true global=""/false project=""/false toolOverride=""/false cli=""/false | source=0 effective="false"
ports | default=""/false global=""/false project=""/false toolOverride=""/false cli=""/false | source=0 effective=""
session_name | default=""/false global=""/false project=""/false toolOverride=""/false cli=""/false | source=0 effective=""
add_dirs | default=""/false global=""/false project=""/false toolOverride=""/false cli=""/false | source=0 effective=""
add_readonly_dirs | default=""/false global=""/false project=""/false toolOverride=""/false cli=""/false | source=0 effective=""
project_mount | default=""/false global=""/false project=""/false toolOverride=""/false cli=""/false | source=0 effective=""
worktree_metadata | default=""/false global=""/false project=""/false toolOverride=""/false cli=""/false | source=0 effective=""
allow_domains | default=""/false global=""/false project=""/false toolOverride=""/false cli=""/false | source=0 effective=""
playwright_mcp | default="false"/true global=""/false project=""/false toolOverride=""/false cli=""/false | source=0 effective="false"
bridge_ports | default=""/false global=""/false project=""/false toolOverride=""/false cli=""/false | source=0 effective=""
